// Jest Snapshot v1, https://goo.gl/fbAQLP

exports[`it renders NotFound page correctly 1`] = `
.c0 {
  padding-top: 16px;
  background-color: #FFFFFF;
  display: flex;
  flex-direction: column;
  margin-left: auto;
  margin-right: auto;
  padding-bottom: 150px;
}

.c3 {
  font-weight: 700;
  color: #333333;
  font-size: 24px;
  text-align: center;
  font-family: Medium;
}

.c4 {
  font-weight: 500;
  color: #4F4F4F;
  font-size: 16px;
  text-align: center;
  font-family: Medium;
}

.c6 {
  font-weight: 700;
  color: #FFFFFF;
  font-size: 16px;
  text-align: center;
  font-family: Medium;
}

.c5 {
  display: flex;
  display: webkit-flex;
  flex-direction: row;
  align-items: center;
  justify-content: center;
  color: #2A3362;
  background-color: #2A3362;
  border: 1px solid #2A3362;
  height: 56px;
  width: 100%;
  border-radius: 4px;
  transition: all 0.3s ease;
  cursor: pointer;
  opacity: 1;
  margin-bottom: 0px;
}

.c1 {
  padding: 24px;
  border: 1px solid #ececec;
  border-radius: 4px;
  margin-top: 24px;
}

.c2 {
  margin-bottom: 16px;
  display: flex;
  display: webkit-flex;
  flex-direction: row;
  align-items: center;
  justify-content: center;
}

@media (min-width: 48rem) {
  .c3 {
    font-size: 24px;
  }
}

@media (min-width: 48rem) {
  .c4 {
    font-size: 16px;
  }
}

@media (min-width: 48rem) {
  .c6 {
    font-size: 16px;
  }
}

<div>
  <div
    class="c0"
  >
    <div
      class="c1"
    >
      <div
        class="c2"
      >
        <svg>
          notFound.svg
        </svg>
      </div>
      <div
        class="c3"
        fw="700"
        ta="center"
      >
        No page found
      </div>
      <div
        class="c4"
        color="#4F4F4F"
        fw="500"
        style="margin-top: 16px; margin-bottom: 4px;"
        ta="center"
      >
        This page could not be found. Go back to the
      </div>
      <div
        class="c4"
        color="#4F4F4F"
        fw="500"
        style="margin-bottom: 32px;"
        ta="center"
      >
        home page
      </div>
      <button
        btnht="56px"
        class="c5"
        type="button"
      >
        <div
          class="c6"
          color="#FFFFFF"
          fw="700"
          ta="center"
        >
          Go back home
        </div>
      </button>
    </div>
  </div>
</div>
`;
